// Jest Snapshot v1, https://goo.gl/fbAQLP

exports[`To css Get tokens - apply parsers - all tokens 1`] = `
":root {
  /* BITMAP */
  --acme-logo: "https://figma-alpha-api.s3.us-west-2.amazonaws.com/images/863c6a9c-090a-4360-bbf2-1e2026577306";
  --photo-example: "https://figma-alpha-api.s3.us-west-2.amazonaws.com/images/d4ea441b-e83d-40a0-8f2d-604c28ae4c17";
  --photo-example: "https://figma-alpha-api.s3.us-west-2.amazonaws.com/images/ff09d8fc-73d8-446d-91c4-772e88e776c5";
  --photo-example: "https://figma-alpha-api.s3.us-west-2.amazonaws.com/images/c27d7c62-1414-49c4-ba3e-dc03aa4bd085";

  /* VECTOR */
  --activity: "https://figma-alpha-api.s3.us-west-2.amazonaws.com/images/b63a7f88-0ea2-4e17-a5e8-11935562621f";
  --airplay: "https://figma-alpha-api.s3.us-west-2.amazonaws.com/images/71edeeb4-6622-490e-b59a-dd768d3414a8";
  --alert-circle: "https://figma-alpha-api.s3.us-west-2.amazonaws.com/images/587bd701-750c-4aa2-9b5b-843235eb5d5b";
  --alert-octagon: "https://figma-alpha-api.s3.us-west-2.amazonaws.com/images/e15614aa-5e39-43c7-9a88-9ea102df8854";
  --alert-triangle: "https://figma-alpha-api.s3.us-west-2.amazonaws.com/images/e4d03b25-dc16-4e25-b2b3-5ffe6a68d41d";
  --alert-triangle: "https://figma-alpha-api.s3.us-west-2.amazonaws.com/images/00e59368-656f-46f1-b1bf-1200ec945dd1";
  --align-center: "https://figma-alpha-api.s3.us-west-2.amazonaws.com/images/9e21c78b-dd71-42c5-9e2f-8a81f729ebd5";
  --align-center: "https://figma-alpha-api.s3.us-west-2.amazonaws.com/images/0256731e-92b1-474d-b0ed-7a7d5e17338e";
  --user-mask: "https://figma-alpha-api.s3.us-west-2.amazonaws.com/images/a131429d-f992-4daf-8f37-5b389b98e410";
  --user-mask: "https://figma-alpha-api.s3.us-west-2.amazonaws.com/images/4e70632a-014a-4594-84bb-6f6e18e9b2e3";

  /* DEPTH */
  --background: 1;
  --foreground: 100;
  --middle: 50;

  /* DURATION */
  --base: 300ms;
  --long: 700ms;
  --short: 100ms;
  --very-long: 3s;

  /* MEASUREMENT */
  --base-space-01: 4px;
  --base-space-02: 8px;
  --base-space-03: 12px;
  --base-space-04: 16px;
  --base-space-05: 32px;
  --base-space-06: 48px;
  --base-space-07: 64px;
  --base-space-08: 80px;
  --base-space-09: 96px;
  --base-space-10: 112px;

  /* TEXTSTYLE */
  --body-color: rgb(30, 33, 43);
  --body-font-family: Inter;
  --body-font-weight: 500;
  --body-font-size: 14px;
  --body-letter-spacing: 10px;
  --body-line-height: 20px;
  --body-text-align: left;
  --body-with-opacity-color: rgba(30, 33, 43, 0.3);
  --body-with-opacity-font-family: Inter;
  --body-with-opacity-font-weight: 500;
  --body-with-opacity-font-size: 14px;
  --body-with-opacity-letter-spacing: 10px;
  --body-with-opacity-line-height: 20px;
  --body-with-opacity-text-align: left;
  --code-color: rgb(255, 142, 5);
  --code-font-family: Fira Code;
  --code-font-weight: 500;
  --code-font-size: 13px;
  --code-line-height: 20px;
  --code-text-align: left;
  --list-font-family: Roboto;
  --list-font-weight: 400;
  --list-font-size: 14px;
  --list-font-variant: small-caps;
  --list-line-height: 20px;
  --list-text-align: left;
  --title-color: rgb(30, 33, 43);
  --title-font-family: Inter;
  --title-font-weight: 600;
  --title-font-size: 32px;
  --title-line-height: 40px;
  --title-text-align: left;
  --title-text-decoration: underline;
  --title-text-ident: 5px;
  --title-text-transform: uppercase;

  /* BORDER */
  --border-accent: 2px solid rgba(102, 80, 239, 1);
  --border-accent-with-opacity: 2px solid rgba(102, 80, 239, 0.5);
  --border-accent-without-radii: 2px solid rgba(102, 80, 239, 0.5);
  --border-dashed: 1px dashed rgba(30, 33, 43, 1);

  /* COLOR */
  --colors-accent: rgb(120, 133, 183);
  --colors-almost-black: rgb(28, 28, 28);
  --colors-black: rgb(30, 33, 43);
  --colors-green: rgb(88, 205, 82);
  --colors-grey: rgb(204, 213, 225);
  --colors-orange: rgb(255, 142, 5);
  --colors-pure-black: rgb(0, 0, 0);
  --colors-red: rgb(245, 72, 63);
  --colors-white: rgb(255, 255, 255);

  /* SHADOW */
  --elevation-1: 0px 4px 8px rgba(0, 0, 0, 0.1);
  --elevation-2: 0px 4px 28px rgba(0, 0, 0, 0.1), 0px 4px 4px rgba(0, 0, 0, 0.1);
  --elevation-3: 0px 1.8518518209457397px 3.1481480598449707px
      rgba(0, 0, 0, 0.02),
    0px 8.148148536682129px 6.518518447875977px rgba(0, 0, 0, 0.03),
    0px 20px 13px rgba(0, 0, 0, 0.04),
    0px 38.51852035522461px 25.481481552124023px rgba(0, 0, 0, 0.04),
    0px 64.81481170654297px 46.85185241699219px rgba(0, 0, 0, 0.05),
    0px 100px 80px 1px rgba(0, 0, 0, 0.07);

  /* GRADIENT */
  --gradients-colored: linear-gradient(
    90deg,
    rgb(245, 72, 63) 0%,
    rgb(255, 142, 5) 100%
  );
  --gradients-dark: linear-gradient(
    90deg,
    rgb(30, 33, 43) 0%,
    rgb(204, 213, 225) 100%
  );
  --gradients-neutral: linear-gradient(
    90deg,
    rgb(204, 213, 225) 0%,
    rgb(255, 255, 255) 100%
  );
  --gradients-safari: linear-gradient(
    90deg,
    rgb(255, 142, 5) 0%,
    rgb(255, 255, 255) 100%
  );

  /* OPACITY */
  --subtle: 0.5;
  --transparent: 0.1;
  --visible: 0.95;
}
"
`;
